// Jest Snapshot v1, https://goo.gl/fbAQLP

exports[`Header Snapshot:  1`] = `
<section
  className="Header"
>
  Lucky 
  <span>
    Quarantine
  </span>
</section>
`;
